Archive member included to satisfy reference by file (symbol)

/home/godwin/Desktop/Root-kit/edk2/Build/MdeModule/RELEASE_GCC5/X64/MyApp/useless/useless/OUTPUT/useless.lib(useless.obj)
                              (--whole-archive)
/home/godwin/Desktop/Root-kit/edk2/Build/MdeModule/RELEASE_GCC5/X64/MyApp/useless/useless/OUTPUT/useless.lib(AutoGen.obj)
                              (--whole-archive)
/home/godwin/Desktop/Root-kit/edk2/Build/MdeModule/RELEASE_GCC5/X64/MdePkg/Library/RegisterFilterLibNull/RegisterFilterLibNull/OUTPUT/FilterLibNull.lib(RegisterFilterLibNull.obj)
                              (--whole-archive)
/home/godwin/Desktop/Root-kit/edk2/Build/MdeModule/RELEASE_GCC5/X64/MdePkg/Library/BasePcdLibNull/BasePcdLibNull/OUTPUT/BasePcdLibNull.lib(PcdLib.obj)
                              (--whole-archive)
/home/godwin/Desktop/Root-kit/edk2/Build/MdeModule/RELEASE_GCC5/X64/MdePkg/Library/BaseLib/BaseLib/OUTPUT/BaseLib.lib(CheckSum.obj)
                              (--whole-archive)
/home/godwin/Desktop/Root-kit/edk2/Build/MdeModule/RELEASE_GCC5/X64/MdePkg/Library/BaseLib/BaseLib/OUTPUT/BaseLib.lib(SwitchStack.obj)
                              (--whole-archive)
/home/godwin/Desktop/Root-kit/edk2/Build/MdeModule/RELEASE_GCC5/X64/MdePkg/Library/BaseLib/BaseLib/OUTPUT/BaseLib.lib(SwapBytes64.obj)
                              (--whole-archive)
/home/godwin/Desktop/Root-kit/edk2/Build/MdeModule/RELEASE_GCC5/X64/MdePkg/Library/BaseLib/BaseLib/OUTPUT/BaseLib.lib(SwapBytes32.obj)
                              (--whole-archive)
/home/godwin/Desktop/Root-kit/edk2/Build/MdeModule/RELEASE_GCC5/X64/MdePkg/Library/BaseLib/BaseLib/OUTPUT/BaseLib.lib(SwapBytes16.obj)
                              (--whole-archive)
/home/godwin/Desktop/Root-kit/edk2/Build/MdeModule/RELEASE_GCC5/X64/MdePkg/Library/BaseLib/BaseLib/OUTPUT/BaseLib.lib(LongJump.obj)
                              (--whole-archive)
/home/godwin/Desktop/Root-kit/edk2/Build/MdeModule/RELEASE_GCC5/X64/MdePkg/Library/BaseLib/BaseLib/OUTPUT/BaseLib.lib(SetJump.obj)
                              (--whole-archive)
/home/godwin/Desktop/Root-kit/edk2/Build/MdeModule/RELEASE_GCC5/X64/MdePkg/Library/BaseLib/BaseLib/OUTPUT/BaseLib.lib(QuickSort.obj)
                              (--whole-archive)
/home/godwin/Desktop/Root-kit/edk2/Build/MdeModule/RELEASE_GCC5/X64/MdePkg/Library/BaseLib/BaseLib/OUTPUT/BaseLib.lib(RShiftU64.obj)
                              (--whole-archive)
/home/godwin/Desktop/Root-kit/edk2/Build/MdeModule/RELEASE_GCC5/X64/MdePkg/Library/BaseLib/BaseLib/OUTPUT/BaseLib.lib(RRotU64.obj)
                              (--whole-archive)
/home/godwin/Desktop/Root-kit/edk2/Build/MdeModule/RELEASE_GCC5/X64/MdePkg/Library/BaseLib/BaseLib/OUTPUT/BaseLib.lib(RRotU32.obj)
                              (--whole-archive)
/home/godwin/Desktop/Root-kit/edk2/Build/MdeModule/RELEASE_GCC5/X64/MdePkg/Library/BaseLib/BaseLib/OUTPUT/BaseLib.lib(MultU64x64.obj)
                              (--whole-archive)
/home/godwin/Desktop/Root-kit/edk2/Build/MdeModule/RELEASE_GCC5/X64/MdePkg/Library/BaseLib/BaseLib/OUTPUT/BaseLib.lib(MultU64x32.obj)
                              (--whole-archive)
/home/godwin/Desktop/Root-kit/edk2/Build/MdeModule/RELEASE_GCC5/X64/MdePkg/Library/BaseLib/BaseLib/OUTPUT/BaseLib.lib(MultS64x64.obj)
                              (--whole-archive)
/home/godwin/Desktop/Root-kit/edk2/Build/MdeModule/RELEASE_GCC5/X64/MdePkg/Library/BaseLib/BaseLib/OUTPUT/BaseLib.lib(ModU64x32.obj)
                              (--whole-archive)
/home/godwin/Desktop/Root-kit/edk2/Build/MdeModule/RELEASE_GCC5/X64/MdePkg/Library/BaseLib/BaseLib/OUTPUT/BaseLib.lib(LShiftU64.obj)
                              (--whole-archive)
/home/godwin/Desktop/Root-kit/edk2/Build/MdeModule/RELEASE_GCC5/X64/MdePkg/Library/BaseLib/BaseLib/OUTPUT/BaseLib.lib(LRotU64.obj)
                              (--whole-archive)
/home/godwin/Desktop/Root-kit/edk2/Build/MdeModule/RELEASE_GCC5/X64/MdePkg/Library/BaseLib/BaseLib/OUTPUT/BaseLib.lib(LRotU32.obj)
                              (--whole-archive)
/home/godwin/Desktop/Root-kit/edk2/Build/MdeModule/RELEASE_GCC5/X64/MdePkg/Library/BaseLib/BaseLib/OUTPUT/BaseLib.lib(LowBitSet64.obj)
                              (--whole-archive)
/home/godwin/Desktop/Root-kit/edk2/Build/MdeModule/RELEASE_GCC5/X64/MdePkg/Library/BaseLib/BaseLib/OUTPUT/BaseLib.lib(LowBitSet32.obj)
                              (--whole-archive)
/home/godwin/Desktop/Root-kit/edk2/Build/MdeModule/RELEASE_GCC5/X64/MdePkg/Library/BaseLib/BaseLib/OUTPUT/BaseLib.lib(HighBitSet64.obj)
                              (--whole-archive)
/home/godwin/Desktop/Root-kit/edk2/Build/MdeModule/RELEASE_GCC5/X64/MdePkg/Library/BaseLib/BaseLib/OUTPUT/BaseLib.lib(HighBitSet32.obj)
                              (--whole-archive)
/home/godwin/Desktop/Root-kit/edk2/Build/MdeModule/RELEASE_GCC5/X64/MdePkg/Library/BaseLib/BaseLib/OUTPUT/BaseLib.lib(GetPowerOfTwo64.obj)
[...]
Memory Configuration

Name             Origin             Length             Attributes
*default*        0x0000000000000000 0xffffffffffffffff

Linker script and memory map

START GROUP
LOAD /tmp/cclS38x9.ltrans0.ltrans.o
LOAD /tmp/ccdBQlef.debug.temp.o
LOAD /tmp/ccd4V3kO.debug.temp.o
LOAD /tmp/cc44pcgS.debug.temp.o
LOAD /tmp/cckmXi58.debug.temp.o
LOAD /tmp/ccPlX33y.debug.temp.o
LOAD /tmp/cc5tUEly.debug.temp.o
LOAD /tmp/ccp9o1dm.debug.temp.o
LOAD /tmp/ccqukCYv.debug.temp.o
LOAD /tmp/cc8CjQ2Y.debug.temp.o
LOAD /tmp/cc5fFBFl.debug.temp.o
LOAD /tmp/ccPx7mfp.debug.temp.o
LOAD /tmp/cczr5mTx.debug.temp.o
LOAD /tmp/ccMIN5O7.debug.temp.o
LOAD /tmp/cc7zxOB3.debug.temp.o
LOAD /tmp/ccMrn9I3.debug.temp.o
LOAD /tmp/ccjJJmwl.debug.temp.o
LOAD /tmp/ccYQun9H.debug.temp.o
LOAD /tmp/ccfy2oQJ.debug.temp.o
LOAD /tmp/ccBg5Of3.debug.temp.o
LOAD /tmp/ccn5Kk9k.debug.temp.o
LOAD /tmp/ccRn0P9C.debug.temp.o
LOAD /tmp/cc2Sxn8T.debug.temp.o
LOAD /tmp/ccPcwumZ.debug.temp.o
LOAD /tmp/ccxn3TmN.debug.temp.o
LOAD /tmp/ccRHQoLX.debug.temp.o
LOAD /tmp/cced7g4k.debug.temp.o
LOAD /tmp/ccgklk6F.debug.temp.o
LOAD /tmp/ccqCp60Z.debug.temp.o
LOAD /tmp/ccQZOa8S.debug.temp.o
LOAD /tmp/cciryc29.debug.temp.o
LOAD /tmp/ccBF3eja.debug.temp.o
LOAD /tmp/cco8Qxoj.debug.temp.o
LOAD /tmp/ccZTU8wk.debug.temp.o
LOAD /tmp/ccKORZr5.debug.temp.o
LOAD /tmp/cc9I93Kt.debug.temp.o
LOAD /tmp/ccpLtC6p.debug.temp.o
LOAD /tmp/cceT2tx2.debug.temp.o
LOAD /tmp/ccdnoXz4.debug.temp.o
LOAD /tmp/cc8gdBui.debug.temp.o
LOAD /tmp/cculVts8.debug.temp.o
LOAD /tmp/cciJiAsY.debug.temp.o
LOAD /tmp/ccVmOCON.debug.temp.o
LOAD /tmp/cczCpthB.debug.temp.o
LOAD /tmp/ccPiEQba.debug.temp.o
LOAD /tmp/ccNqaqr1.debug.temp.o
LOAD /tmp/ccsqhabe.debug.temp.o
LOAD /tmp/ccH4nJ0l.debug.temp.o
LOAD /tmp/cctgO7Xm.debug.temp.o
LOAD /tmp/cco2ZlP8.debug.temp.o
LOAD /tmp/cc3i9OV7.debug.temp.o
LOAD /tmp/ccKEaOiE.debug.temp.o
LOAD /tmp/ccqNfUS7.debug.temp.o
LOAD /tmp/ccrpzKiN.debug.temp.o
LOAD /tmp/ccspr5Ht.debug.temp.o
LOAD /tmp/cczYiA5R.debug.temp.o
LOAD /tmp/ccwQBYCi.debug.temp.o
LOAD /tmp/ccvuSnTT.debug.temp.o
LOAD /tmp/ccIah1m6.debug.temp.o
LOAD /tmp/ccrJkkXK.debug.temp.o
LOAD /tmp/ccpLRzRx.debug.temp.o
LOAD /tmp/ccr61poy.debug.temp.o
LOAD /tmp/ccul783G.debug.temp.o
LOAD /tmp/ccezA1eE.debug.temp.o
LOAD /tmp/cc0t8TJb.debug.temp.o
LOAD /tmp/ccSzlg82.debug.temp.o
LOAD /tmp/ccjwCmtN.debug.temp.o
LOAD /tmp/cciDs3dO.debug.temp.o
LOAD /tmp/ccfCXSoE.debug.temp.o
LOAD /tmp/ccMWY9jc.debug.temp.o
LOAD /tmp/ccKkWN5s.debug.temp.o
LOAD /tmp/cclV1Hbn.debug.temp.o
LOAD /tmp/ccPD5GMc.debug.temp.o
LOAD /tmp/ccesyV4O.debug.temp.o
LOAD /tmp/ccAsFLb7.debug.temp.o
LOAD /tmp/cc8J8y6I.debug.temp.o
LOAD /tmp/ccbLZjH4.debug.temp.o
LOAD /tmp/ccIPNHPV.debug.temp.o
LOAD /tmp/ccZBcg1P.debug.temp.o
LOAD /tmp/ccI2NQtX.debug.temp.o
LOAD /tmp/ccox74TX.debug.temp.o
LOAD /tmp/ccBmOvl5.debug.temp.o
LOAD /tmp/cc0pRgd9.debug.temp.o
LOAD /tmp/cc7ULzfm.debug.temp.o
LOAD /tmp/ccOjrsO2.debug.temp.o
LOAD /tmp/ccI5er1X.debug.temp.o
LOAD /tmp/ccz2vpR1.debug.temp.o
LOAD /tmp/ccYKz1fq.debug.temp.o
LOAD /tmp/ccHdms09.debug.temp.o
LOAD /tmp/ccqXJEs1.debug.temp.o
LOAD /tmp/ccmtCtw7.debug.temp.o
LOAD /tmp/ccOJl5s0.debug.temp.o
LOAD /tmp/ccS7lEkg.debug.temp.o
LOAD /tmp/ccDpoB8u.debug.temp.o
LOAD /tmp/ccDgaRWy.debug.temp.o
LOAD /tmp/ccsSo4zc.debug.temp.o
LOAD /tmp/ccW1scDG.debug.temp.o
LOAD /tmp/ccAMKRQ6.debug.temp.o
LOAD /tmp/ccq36XEO.debug.temp.o
LOAD /tmp/cc1Lra23.debug.temp.o
LOAD /tmp/ccvoiLal.debug.temp.o
LOAD /tmp/ccclkQdT.debug.temp.o
LOAD /tmp/ccSBsWGT.debug.temp.o
LOAD /tmp/ccYKaJaY.debug.temp.o
LOAD /home/godwin/Desktop/Root-kit/edk2/Build/MdeModule/RELEASE_GCC5/X64/MyApp/useless/useless/OUTPUT/useless.lib
LOAD /home/godwin/Desktop/Root-kit/edk2/Build/MdeModule/RELEASE_GCC5/X64/MdePkg/Library/RegisterFilterLibNull/RegisterFilterLibNull/OUTPUT/FilterLibNull.lib
LOAD /home/godwin/Desktop/Root-kit/edk2/Build/MdeModule/RELEASE_GCC5/X64/MdePkg/Library/BasePcdLibNull/BasePcdLibNull/OUTPUT/BasePcdLibNull.lib
LOAD /home/godwin/Desktop/Root-kit/edk2/Build/MdeModule/RELEASE_GCC5/X64/MdePkg/Library/BaseLib/BaseLib/OUTPUT/BaseLib.lib
LOAD /home/godwin/Desktop/Root-kit/edk2/Build/MdeModule/RELEASE_GCC5/X64/MdePkg/Library/BaseMemoryLib/BaseMemoryLib/OUTPUT/BaseMemoryLib.lib
LOAD /home/godwin/Desktop/Root-kit/edk2/Build/MdeModule/RELEASE_GCC5/X64/MdePkg/Library/BaseDebugPrintErrorLevelLib/BaseDebugPrintErrorLevelLib/OUTPUT/BaseDebugPrintErrorLevelLib.lib
LOAD /home/godwin/Desktop/Root-kit/edk2/Build/MdeModule/RELEASE_GCC5/X64/MdePkg/Library/BasePrintLib/BasePrintLib/OUTPUT/BasePrintLib.lib
LOAD /home/godwin/Desktop/Root-kit/edk2/Build/MdeModule/RELEASE_GCC5/X64/MdePkg/Library/UefiDebugLibStdErr/UefiDebugLibStdErr/OUTPUT/UefiDebugLibStdErr.lib
LOAD /home/godwin/Desktop/Root-kit/edk2/Build/MdeModule/RELEASE_GCC5/X64/MdePkg/Library/UefiBootServicesTableLib/UefiBootServicesTableLib/OUTPUT/UefiBootServicesTableLib.lib
LOAD /home/godwin/Desktop/Root-kit/edk2/Build/MdeModule/RELEASE_GCC5/X64/MdePkg/Library/UefiMemoryAllocationLib/UefiMemoryAllocationLib/OUTPUT/UefiMemoryAllocationLib.lib
LOAD /home/godwin/Desktop/Root-kit/edk2/Build/MdeModule/RELEASE_GCC5/X64/MdePkg/Library/StackCheckLibNull/StackCheckLibNull/OUTPUT/StackCheckLibNull.lib
LOAD /home/godwin/Desktop/Root-kit/edk2/Build/MdeModule/RELEASE_GCC5/X64/MdePkg/Library/UefiRuntimeServicesTableLib/UefiRuntimeServicesTableLib/OUTPUT/UefiRuntimeServicesTableLib.lib
LOAD /home/godwin/Desktop/Root-kit/edk2/Build/MdeModule/RELEASE_GCC5/X64/MdePkg/Library/UefiDevicePathLib/UefiDevicePathLib/OUTPUT/UefiDevicePathLib.lib
LOAD /home/godwin/Desktop/Root-kit/edk2/Build/MdeModule/RELEASE_GCC5/X64/MdePkg/Library/UefiApplicationEntryPoint/UefiApplicationEntryPoint/OUTPUT/UefiApplicationEntryPoint.lib
LOAD /home/godwin/Desktop/Root-kit/edk2/Build/MdeModule/RELEASE_GCC5/X64/MdePkg/Library/UefiLib/UefiLib/OUTPUT/UefiLib.lib
LOAD /home/godwin/Desktop/Root-kit/edk2/Build/MdeModule/RELEASE_GCC5/X64/MdePkg/Library/UefiFileHandleLib/UefiFileHandleLib/OUTPUT/UefiFileHandleLib.lib
LOAD /home/godwin/Desktop/Root-kit/edk2/Build/MdeModule/RELEASE_GCC5/X64/ShellPkg/Library/UefiShellCEntryLib/UefiShellCEntryLib/OUTPUT/UefiShellCEntryLib.lib
END GROUP
                0x0000000000000228                PECOFF_HEADER_SIZE = 0x228
                0x0000000000000228                . = PECOFF_HEADER_SIZE

.text           0x0000000000000240     0x2963
 *(.entry)
 *(.text .text.* .stub .gnu.linkonce.t.*)
 .text.AsciiStrnLenS
                0x0000000000000240       0x26 /tmp/cclS38x9.ltrans0.ltrans.o
 .text.BasePrintLibFillBuffer
                0x0000000000000266       0x2d /tmp/cclS38x9.ltrans0.ltrans.o
 .text.ExitBootServicesCallback
                0x0000000000000293        0xc /tmp/cclS38x9.ltrans0.ltrans.o
 .text.InternalAllocatePool.constprop.0
                0x000000000000029f       0x33 /tmp/cclS38x9.ltrans0.ltrans.o
 .text.BasePrintLibSPrint.constprop.0
                0x00000000000002d2       0x9b /tmp/cclS38x9.ltrans0.ltrans.o
 .text.BasePrintLibSPrintMarker.constprop.0
                0x000000000000036d      0xc51 /tmp/cclS38x9.ltrans0.ltrans.o
 .text.UnicodeVSPrintAsciiFormat.constprop.0
                0x0000000000000fbe       0x94 /tmp/cclS38x9.ltrans0.ltrans.o
 .text.DebugPrintMarker.constprop.0
                0x0000000000001052       0x64 /tmp/cclS38x9.ltrans0.ltrans.o
 .text.DebugPrint.constprop.0
                0x00000000000010b6       0x96 /tmp/cclS38x9.ltrans0.ltrans.o
 .text.UnicodeSPrintAsciiFormat.constprop.0
                0x000000000000114c       0x27 /tmp/cclS38x9.ltrans0.ltrans.o
 .text.DebugAssert.part.0
                0x0000000000001173       0x65 /tmp/cclS38x9.ltrans0.ltrans.o
 .text.DebugAssert
                0x00000000000011d8        0xf /tmp/cclS38x9.ltrans0.ltrans.o
 .text.StrnLenS
                0x00000000000011e7       0x59 /tmp/cclS38x9.ltrans0.ltrans.o
 .text.CopyMem  0x0000000000001240      0x258 /tmp/cclS38x9.ltrans0.ltrans.o
 .text.FreePool
                0x0000000000001498       0x46 /tmp/cclS38x9.ltrans0.ltrans.o
 .text.DevicePathType
                0x00000000000014de       0x32 /tmp/cclS38x9.ltrans0.ltrans.o
 .text.DevicePathSubType
                0x0000000000001510       0x33 /tmp/cclS38x9.ltrans0.ltrans.o
 .text.DevicePathNodeLength
                0x0000000000001543       0x34 /tmp/cclS38x9.ltrans0.ltrans.o
 .text.NextDevicePathNode
                0x0000000000001577       0x3b /tmp/cclS38x9.ltrans0.ltrans.o
 .text.IsDevicePathEnd
                0x00000000000015b2       0x6a /tmp/cclS38x9.ltrans0.ltrans.o
 .text.IsDevicePathValid.constprop.0
                0x000000000000161c       0x92 /tmp/cclS38x9.ltrans0.ltrans.o
 .text.UefiDevicePathLibGetDevicePathSize
                0x00000000000016ae       0x58 /tmp/cclS38x9.ltrans0.ltrans.o
 .text.UefiDevicePathLibDuplicateDevicePath
                0x0000000000001706      0x13a /tmp/cclS38x9.ltrans0.ltrans.o
 .text.Print    0x0000000000001840      0x162 /tmp/cclS38x9.ltrans0.ltrans.o
 .text._ModuleEntryPoint
                0x00000000000019a2      0x5a4 /tmp/cclS38x9.ltrans0.ltrans.o
                0x00000000000019a2                _ModuleEntryPoint
 *(.rodata .rodata.* .gnu.linkonce.r.*)
 .rodata.BasePrintLibSPrintMarker.constprop.0.str1.1
                0x0000000000001f46      0x57a /tmp/cclS38x9.ltrans0.ltrans.o
                                        0x26a (size before relaxing)
 .rodata.BasePrintLibSPrintMarker.constprop.0
                0x00000000000024c0       0xec /tmp/cclS38x9.ltrans0.ltrans.o
 .rodata.DebugPrintMarker.constprop.0.str1.1
                0x00000000000025ac       0x21 /tmp/cclS38x9.ltrans0.ltrans.o
 .rodata.UnicodeSPrintAsciiFormat.constprop.0.str1.1
                0x00000000000025ac       0x18 /tmp/cclS38x9.ltrans0.ltrans.o
 .rodata.DebugAssert.part.0.str1.1
                0x00000000000025ac        0x8 /tmp/cclS38x9.ltrans0.ltrans.o
 .rodata.StrnLenS.str1.1
                0x00000000000025ac       0x2f /tmp/cclS38x9.ltrans0.ltrans.o
 .rodata.CopyMem.str1.1
                0x00000000000025ac       0x92 /tmp/cclS38x9.ltrans0.ltrans.o
 .rodata.FreePool.str1.1
                0x00000000000025ac       0x4c /tmp/cclS38x9.ltrans0.ltrans.o
 .rodata.DevicePathType.str1.1
                0x00000000000025ac       0x2b /tmp/cclS38x9.ltrans0.ltrans.o
 .rodata.UefiDevicePathLibDuplicateDevicePath.str1.1
                0x00000000000025ac       0x3e /tmp/cclS38x9.ltrans0.ltrans.o
 .rodata.Print.str1.1
                0x00000000000025ac       0x5a /tmp/cclS38x9.ltrans0.ltrans.o
 .rodata._ModuleEntryPoint.str1.1
                0x00000000000025ac      0x108 /tmp/cclS38x9.ltrans0.ltrans.o
 .rodata._ModuleEntryPoint.str2.2
                0x00000000000025ac      0x224 /tmp/cclS38x9.ltrans0.ltrans.o
 .rodata.mHexStr
                0x00000000000027d0       0x10 /tmp/cclS38x9.ltrans0.ltrans.o
 .rodata.mWarningString
                0x00000000000027e0       0xc8 /tmp/cclS38x9.ltrans0.ltrans.o
 *fill*         0x00000000000028a8       0x18 
 .rodata.mErrorString
                0x00000000000028c0      0x2df /tmp/cclS38x9.ltrans0.ltrans.o
 .rodata.mUefiDevicePathLibEndDevicePath
                0x0000000000002b9f        0x4 /tmp/cclS38x9.ltrans0.ltrans.o
 *(.got .got.*)
 .got           0x0000000000002ba3        0x0 useless.obj (symbol from plugin)
 .got.plt       0x0000000000002ba3        0x0 useless.obj (symbol from plugin)
 *:AutoGen.obj(.data.g*Guid)

.plt            0x0000000000002bb0        0x0
 .plt           0x0000000000002bb0        0x0 useless.obj (symbol from plugin)

.plt.got        0x0000000000002ba8        0x0
 .plt.got       0x0000000000002ba8        0x0 useless.obj (symbol from plugin)

.data           0x0000000000002bc0       0x61
 *(.data .data.* .gnu.linkonce.d.*)
 .data.gEfiDevicePathProtocolGuid
                0x0000000000002bc0       0x10 /tmp/cclS38x9.ltrans0.ltrans.o
 .data.gEfiSimpleFileSystemProtocolGuid
                0x0000000000002bd0       0x10 /tmp/cclS38x9.ltrans0.ltrans.o
 .data.gEfiLoadedImageProtocolGuid
                0x0000000000002be0       0x10 /tmp/cclS38x9.ltrans0.ltrans.o
 .data.rel.ro   0x0000000000002bf0        0x0 useless.obj (symbol from plugin)
 *(.bss .bss.*)
 .bss.gST       0x0000000000002bf0        0x8 /tmp/cclS38x9.ltrans0.ltrans.o
 .bss.gImageHandle
                0x0000000000002bf8        0x8 /tmp/cclS38x9.ltrans0.ltrans.o
 .bss.gRT       0x0000000000002c00        0x8 /tmp/cclS38x9.ltrans0.ltrans.o
 .bss.mExitBootServicesEvent
                0x0000000000002c08        0x8 /tmp/cclS38x9.ltrans0.ltrans.o
 .bss.gBS       0x0000000000002c10        0x8 /tmp/cclS38x9.ltrans0.ltrans.o
 .bss.mDebugST  0x0000000000002c18        0x8 /tmp/cclS38x9.ltrans0.ltrans.o
 .bss.mPostEBS  0x0000000000002c20        0x1 /tmp/cclS38x9.ltrans0.ltrans.o

.eh_frame       0x0000000000002c40        0x0
 *(.eh_frame)
 .eh_frame      0x0000000000002c40        0x0 useless.obj (symbol from plugin)
 .eh_frame      0x0000000000002c40        0x0 useless.obj (symbol from plugin)

.dynbss         0x0000000000002c40        0x0
 .dynbss        0x0000000000002c40        0x0 useless.obj (symbol from plugin)

.gnu.version_d  0x0000000000002c40        0x0
 .gnu.version_d
                0x0000000000002c40        0x0 useless.obj (symbol from plugin)

.gnu.version    0x0000000000002c40        0x0
 .gnu.version   0x0000000000002c40        0x0 useless.obj (symbol from plugin)

.gnu.version_r  0x0000000000002c40        0x0
 .gnu.version_r
                0x0000000000002c40        0x0 useless.obj (symbol from plugin)

.sframe         0x0000000000002c40        0x0
 .sframe        0x0000000000002c40        0x0 useless.obj (symbol from plugin)

.dynamic        0x0000000000002c40       0x90
 *(.dynamic)
 .dynamic       0x0000000000002c40       0x90 useless.obj (symbol from plugin)
                0x0000000000002c40                _DYNAMIC

.rela           0x0000000000002cd0        0x0
 *(.rela .rela.*)
 .rela.plt      0x0000000000002cd0        0x0 useless.obj (symbol from plugin)
 .rela.got      0x0000000000002cd0        0x0 useless.obj (symbol from plugin)
 .rela.bss      0x0000000000002cd0        0x0 useless.obj (symbol from plugin)
 .rela.data.rel.ro
                0x0000000000002cd0        0x0 useless.obj (symbol from plugin)
 .rela.ifunc    0x0000000000002cd0        0x0 useless.obj (symbol from plugin)

.hii
 *(.hii)

.got
 *(.got)
                0x0000000000000001                ASSERT ((SIZEOF (.got) == 0x0), Unexpected GOT entries detected!)

.got.plt
 *(.got.plt)
                0x0000000000000001                ASSERT ((((SIZEOF (.got.plt) == 0x0) || (SIZEOF (.got.plt) == 0xc)) || (SIZEOF (.got.plt) == 0x18)), Unexpected GOT/PLT entries detected!)

.build-id       0x0000000000002cd0       0x24
 *(.note.gnu.build-id)
 .note.gnu.build-id
                0x0000000000002cd0       0x24 useless.obj (symbol from plugin)

/DISCARD/
 *(.note.GNU-stack)
 *(.gnu_debuglink)
 *(.interp)
 *(.dynsym)
 *(.dynstr)
 *(.hash .gnu.hash)
 *(.comment)
OUTPUT(/home/godwin/Desktop/Root-kit/edk2/Build/MdeModule/RELEASE_GCC5/X64/MyApp/useless/useless/DEBUG/useless.dll elf64-x86-64)

.debug_info     0x0000000000000000    0x150d4
 .debug_info    0x0000000000000000     0x2397 /tmp/cclS38x9.ltrans0.ltrans.o
 .debug_info    0x0000000000002397     0x1c94 /tmp/ccdBQlef.debug.temp.o
                0x0000000000002397                useless.c.d3fdd301
 .debug_info    0x000000000000402b     0x1cd0 /tmp/ccd4V3kO.debug.temp.o
                0x000000000000402b                AutoGen.c.e34f54ab
 .debug_info    0x0000000000005cfb      0x1a7 /tmp/ccPx7mfp.debug.temp.o
                0x0000000000005cfb                SetJump.c.a99b8935
 .debug_info    0x0000000000005ea2       0xa8 /tmp/ccpLtC6p.debug.temp.o
                0x0000000000005ea2                CpuDeadLoop.c.78eb366d
 .debug_info    0x0000000000005f4a     0x1098 /tmp/cc8gdBui.debug.temp.o
                0x0000000000005f4a                SafeString.c.5cb5bb83
 .debug_info    0x0000000000006fe2      0x809 /tmp/cculVts8.debug.temp.o
                0x0000000000006fe2                String.c.d0ddf9fe
 .debug_info    0x00000000000077eb      0x228 /tmp/ccNqaqr1.debug.temp.o
                0x00000000000077eb                Unaligned.c.248ffe37
 .debug_info    0x0000000000007a13      0x119 /tmp/ccIPNHPV.debug.temp.o
                0x0000000000007a13                CopyMemWrapper.c.4d6852b8
 .debug_info    0x0000000000007b2c      0x154 /tmp/ccBmOvl5.debug.temp.o
                0x0000000000007b2c                CopyMem.c.dc3749bb
 .debug_info    0x0000000000007c80      0x764 /tmp/cc7ULzfm.debug.temp.o
                0x0000000000007c80                PrintLibInternal.c.2da84a48
 .debug_info    0x00000000000083e4      0x588 /tmp/ccOjrsO2.debug.temp.o
                0x00000000000083e4                PrintLib.c.7e609f9b
 .debug_info    0x000000000000896c     0x19b1 /tmp/ccI5er1X.debug.temp.o
                0x000000000000896c                DebugLib.c.38a35b83
 .debug_info    0x000000000000a31d     0x177c /tmp/ccz2vpR1.debug.temp.o
                0x000000000000a31d                DebugLibConstructor.c.23b27893
 .debug_info    0x000000000000ba99     0x1787 /tmp/ccYKz1fq.debug.temp.o
                0x000000000000ba99                UefiBootServicesTableLib.c.39b3ef89
 .debug_info    0x000000000000d220     0x1366 /tmp/ccHdms09.debug.temp.o
                0x000000000000d220                MemoryAllocationLib.c.b3971f3d
 .debug_info    0x000000000000e586     0x175e /tmp/ccqXJEs1.debug.temp.o
                0x000000000000e586                UefiRuntimeServicesTableLib.c.9617fc33
 .debug_info    0x000000000000fce4      0x6ac /tmp/ccmtCtw7.debug.temp.o
                0x000000000000fce4                DevicePathUtilities.c.a5f2ad1d
 .debug_info    0x0000000000010390      0xe41 /tmp/ccOJl5s0.debug.temp.o
                0x0000000000010390                DevicePathUtilitiesDxeSmm.c.1f6238fb
 .debug_info    0x00000000000111d1      0x3f7 /tmp/ccDgaRWy.debug.temp.o
                0x00000000000111d1                UefiDevicePathLib.c.8169446b
 .debug_info    0x00000000000115c8     0x17d7 /tmp/ccsSo4zc.debug.temp.o
                0x00000000000115c8                ApplicationEntryPoint.c.1fac27e0
 .debug_info    0x0000000000012d9f     0x2335 /tmp/ccW1scDG.debug.temp.o
                0x0000000000012d9f                UefiLibPrint.c.13fd369e

.debug_abbrev   0x0000000000000000     0x24c6
 .debug_abbrev  0x0000000000000000      0x1e7 /tmp/cclS38x9.ltrans0.ltrans.o
 .debug_abbrev  0x00000000000001e7      0x208 /tmp/ccdBQlef.debug.temp.o
 .debug_abbrev  0x00000000000003ef      0x2f4 /tmp/ccd4V3kO.debug.temp.o
 .debug_abbrev  0x00000000000006e3       0xe0 /tmp/ccPx7mfp.debug.temp.o
 .debug_abbrev  0x00000000000007c3       0x71 /tmp/ccpLtC6p.debug.temp.o
 .debug_abbrev  0x0000000000000834      0x1c7 /tmp/cc8gdBui.debug.temp.o
 .debug_abbrev  0x00000000000009fb      0x157 /tmp/cculVts8.debug.temp.o
 .debug_abbrev  0x0000000000000b52       0xb6 /tmp/ccNqaqr1.debug.temp.o
 .debug_abbrev  0x0000000000000c08       0xbe /tmp/ccIPNHPV.debug.temp.o
 .debug_abbrev  0x0000000000000cc6       0x8f /tmp/ccBmOvl5.debug.temp.o
 .debug_abbrev  0x0000000000000d55      0x19f /tmp/cc7ULzfm.debug.temp.o
 .debug_abbrev  0x0000000000000ef4      0x15a /tmp/ccOjrsO2.debug.temp.o
 .debug_abbrev  0x000000000000104e      0x287 /tmp/ccI5er1X.debug.temp.o
 .debug_abbrev  0x00000000000012d5      0x1d5 /tmp/ccz2vpR1.debug.temp.o
 .debug_abbrev  0x00000000000014aa      0x20a /tmp/ccYKz1fq.debug.temp.o
 .debug_abbrev  0x00000000000016b4      0x274 /tmp/ccHdms09.debug.temp.o
 .debug_abbrev  0x0000000000001928      0x1da /tmp/ccqXJEs1.debug.temp.o
 .debug_abbrev  0x0000000000001b02      0x1e6 /tmp/ccmtCtw7.debug.temp.o
 .debug_abbrev  0x0000000000001ce8      0x19f /tmp/ccOJl5s0.debug.temp.o
 .debug_abbrev  0x0000000000001e87      0x114 /tmp/ccDgaRWy.debug.temp.o
 .debug_abbrev  0x0000000000001f9b      0x22b /tmp/ccsSo4zc.debug.temp.o
 .debug_abbrev  0x00000000000021c6      0x300 /tmp/ccW1scDG.debug.temp.o

.debug_loclists
                0x0000000000000000     0x20e0
 .debug_loclists
                0x0000000000000000     0x20e0 /tmp/cclS38x9.ltrans0.ltrans.o

.debug_aranges  0x0000000000000000      0x1c0
 .debug_aranges
                0x0000000000000000      0x1c0 /tmp/cclS38x9.ltrans0.ltrans.o

.debug_rnglists
                0x0000000000000000      0x22f
 .debug_rnglists
                0x0000000000000000      0x22f /tmp/cclS38x9.ltrans0.ltrans.o

.debug_line     0x0000000000000000     0x21f1
 .debug_line    0x0000000000000000     0x18c9 /tmp/cclS38x9.ltrans0.ltrans.o
 .debug_line    0x00000000000018c9       0x98 /tmp/ccdBQlef.debug.temp.o
 .debug_line    0x0000000000001961       0x93 /tmp/ccd4V3kO.debug.temp.o
 .debug_line    0x00000000000019f4       0x51 /tmp/ccPx7mfp.debug.temp.o
 .debug_line    0x0000000000001a45       0x4c /tmp/ccpLtC6p.debug.temp.o
 .debug_line    0x0000000000001a91       0x6d /tmp/cc8gdBui.debug.temp.o
 .debug_line    0x0000000000001afe       0x63 /tmp/cculVts8.debug.temp.o
 .debug_line    0x0000000000001b61       0x51 /tmp/ccNqaqr1.debug.temp.o
 .debug_line    0x0000000000001bb2       0x51 /tmp/ccIPNHPV.debug.temp.o
 .debug_line    0x0000000000001c03       0x43 /tmp/ccBmOvl5.debug.temp.o
 .debug_line    0x0000000000001c46       0x68 /tmp/cc7ULzfm.debug.temp.o
 .debug_line    0x0000000000001cae       0x5a /tmp/ccOjrsO2.debug.temp.o
 .debug_line    0x0000000000001d08       0x93 /tmp/ccI5er1X.debug.temp.o
 .debug_line    0x0000000000001d9b       0x72 /tmp/ccz2vpR1.debug.temp.o
 .debug_line    0x0000000000001e0d       0x80 /tmp/ccYKz1fq.debug.temp.o
 .debug_line    0x0000000000001e8d       0x7b /tmp/ccHdms09.debug.temp.o
 .debug_line    0x0000000000001f08       0x7b /tmp/ccqXJEs1.debug.temp.o
 .debug_line    0x0000000000001f83       0x7b /tmp/ccmtCtw7.debug.temp.o
 .debug_line    0x0000000000001ffe       0x71 /tmp/ccOJl5s0.debug.temp.o
 .debug_line    0x000000000000206f       0x51 /tmp/ccDgaRWy.debug.temp.o
 .debug_line    0x00000000000020c0       0x80 /tmp/ccsSo4zc.debug.temp.o
 .debug_line    0x0000000000002140       0xb1 /tmp/ccW1scDG.debug.temp.o

.debug_str      0x0000000000000000     0x371d
 .debug_str     0x0000000000000000     0x371d /tmp/cclS38x9.ltrans0.ltrans.o
                                        0x1b3 (size before relaxing)
 .debug_str     0x000000000000371d     0x16c2 /tmp/ccdBQlef.debug.temp.o
 .debug_str     0x000000000000371d     0x1bc0 /tmp/ccd4V3kO.debug.temp.o
 .debug_str     0x000000000000371d      0x27b /tmp/ccPx7mfp.debug.temp.o
 .debug_str     0x000000000000371d      0x22a /tmp/ccpLtC6p.debug.temp.o
 .debug_str     0x000000000000371d      0x80a /tmp/cc8gdBui.debug.temp.o
 .debug_str     0x000000000000371d      0x6d4 /tmp/cculVts8.debug.temp.o
 .debug_str     0x000000000000371d      0x2d7 /tmp/ccNqaqr1.debug.temp.o
 .debug_str     0x000000000000371d      0x269 /tmp/ccIPNHPV.debug.temp.o
 .debug_str     0x000000000000371d      0x28e /tmp/ccBmOvl5.debug.temp.o
 .debug_str     0x000000000000371d      0x644 /tmp/cc7ULzfm.debug.temp.o
 .debug_str     0x000000000000371d      0x442 /tmp/ccOjrsO2.debug.temp.o
 .debug_str     0x000000000000371d     0x15a4 /tmp/ccI5er1X.debug.temp.o
 .debug_str     0x000000000000371d     0x13c6 /tmp/ccz2vpR1.debug.temp.o
 .debug_str     0x000000000000371d     0x139f /tmp/ccYKz1fq.debug.temp.o
 .debug_str     0x000000000000371d      0xfca /tmp/ccHdms09.debug.temp.o
 .debug_str     0x000000000000371d     0x1395 /tmp/ccqXJEs1.debug.temp.o
 .debug_str     0x000000000000371d      0x6bc /tmp/ccmtCtw7.debug.temp.o
 .debug_str     0x000000000000371d      0xd0d /tmp/ccOJl5s0.debug.temp.o
 .debug_str     0x000000000000371d      0x5db /tmp/ccDgaRWy.debug.temp.o
 .debug_str     0x000000000000371d     0x13e3 /tmp/ccsSo4zc.debug.temp.o
 .debug_str     0x000000000000371d     0x1b8d /tmp/ccW1scDG.debug.temp.o

.debug_line_str
                0x0000000000000000     0x1485
 .debug_line_str
                0x0000000000000000     0x1485 /tmp/cclS38x9.ltrans0.ltrans.o
                                        0x560 (size before relaxing)
 .debug_line_str
                0x0000000000001485      0x312 /tmp/ccdBQlef.debug.temp.o
 .debug_line_str
                0x0000000000001485      0x33c /tmp/ccd4V3kO.debug.temp.o
 .debug_line_str
                0x0000000000001485      0x180 /tmp/ccPx7mfp.debug.temp.o
 .debug_line_str
                0x0000000000001485      0x17d /tmp/ccpLtC6p.debug.temp.o
 .debug_line_str
                0x0000000000001485      0x255 /tmp/cc8gdBui.debug.temp.o
 .debug_line_str
                0x0000000000001485      0x22a /tmp/cculVts8.debug.temp.o
 .debug_line_str
                0x0000000000001485      0x184 /tmp/ccNqaqr1.debug.temp.o
 .debug_line_str
                0x0000000000001485      0x1ae /tmp/ccIPNHPV.debug.temp.o
 .debug_line_str
                0x0000000000001485      0x149 /tmp/ccBmOvl5.debug.temp.o
 .debug_line_str
                0x0000000000001485      0x26f /tmp/cc7ULzfm.debug.temp.o
 .debug_line_str
                0x0000000000001485      0x1d8 /tmp/ccOjrsO2.debug.temp.o
 .debug_line_str
                0x0000000000001485      0x363 /tmp/ccI5er1X.debug.temp.o
 .debug_line_str
                0x0000000000001485      0x277 /tmp/ccz2vpR1.debug.temp.o
 .debug_line_str
                0x0000000000001485      0x2f9 /tmp/ccYKz1fq.debug.temp.o
 .debug_line_str
                0x0000000000001485      0x2dc /tmp/ccHdms09.debug.temp.o
 .debug_line_str
                0x0000000000001485      0x2f0 /tmp/ccqXJEs1.debug.temp.o
 .debug_line_str
                0x0000000000001485      0x30b /tmp/ccmtCtw7.debug.temp.o
 .debug_line_str
                0x0000000000001485      0x2b5 /tmp/ccOJl5s0.debug.temp.o
 .debug_line_str
                0x0000000000001485      0x1c9 /tmp/ccDgaRWy.debug.temp.o
 .debug_line_str
                0x0000000000001485      0x308 /tmp/ccsSo4zc.debug.temp.o
 .debug_line_str
                0x0000000000001485      0x392 /tmp/ccW1scDG.debug.temp.o

.debug_frame    0x0000000000000000      0x5e0
 .debug_frame   0x0000000000000000      0x5e0 /tmp/cclS38x9.ltrans0.ltrans.o
